### Installation ###
####################
https://github.com/fbartels/scripts/tree/master/avm-fritzbox
login anpassen in fritzbox-login.sh in den "" einfügen
In der fritzbox-smarthome.sh den login pfad relativ anpassen

Zukunft:
	skript login gibt nur die SID dingens zurück und schreibt die nicht in diese Datei.

pi@raspberrypi ~/scripts/avm-fritzbox $ ./fritzbox-smarthome.sh list
Listing known switches and their states:
Switch with AIN 087610120745 (Raspberry PI) ist currently on.
cannot find switch with AIN 087610073786
pi@raspberrypi ~/scripts/avm-fritzbox $ ./fritzbox-smarthome.sh list
Listing known switches and their states:
Switch with AIN 087610120745 (Raspberry PI) ist currently on.
Switch with AIN 087610073786 (Kellerlüftung) ist currently off.
pi@raspberrypi ~/scripts/avm-fritzbox $ vi fritzbox-smarthome.sh
pi@raspberrypi ~/scripts/avm-fritzbox $ ./fritzbox-smarthome.sh Kellerlüftung
cannot find switch with AIN Kellerlüftung
pi@raspberrypi ~/scripts/avm-fritzbox $ ./fritzbox-smarthome.sh 087610073786
Do you want to toggle Kellerlüftung (087610073786)? Switch is currently off. (y/n) y
Switch Kellerlüftung is now: on.
pi@raspberrypi ~/scripts/avm-fritzbox $ ./fritzbox-smarthome.sh 087610073786 n
Error: Unknown option! Has to be 'on' or 'off'.
pi@raspberrypi ~/scripts/avm-fritzbox $ ./fritzbox-smarthome.sh 087610073786 off
pi@raspberrypi ~/scripts/avm-fritzbox $ ./fritzbox-smarthome.sh 087610073786 on
pi@raspberrypi ~/scripts/avm-fritzbox $ ./fritzbox-smarthome.sh 087610073786 off

